Microchip MPLAB XC8 Compiler V2.05 ()

Linker command line:

-W-3 --edf=C:\Program Files (x86)\Microchip\xc8\v2.05\pic\dat\en_msgs.txt \
  -cs -h+dist/default/production\PIC.X.production.sym \
  --cmf=dist/default/production\PIC.X.production.cmf -z -Q16F876A \
  -oC:\Users\Dhrumil\AppData\Local\Temp\saas.2 --defsym=__MPLAB_BUILD=1 \
  -Mdist/default/production/PIC.X.production.map -E1 -ver=XC8 --acfsm=1493 \
  -ASTACK=0110h-016Fh -pstack=STACK -ACODE=00h-07FFhx4 -ASTRCODE=00h-01FFFh \
  -ASTRING=00h-0FFhx32 -ACONST=00h-0FFhx32 -AENTRY=00h-0FFhx32 \
  -ACOMMON=070h-07Fh -ABANK0=020h-06Fh -ABANK1=0A0h-0EFh \
  -ABANK2=0110h-016Fh -ABANK3=0190h-01EFh \
  -ARAM=020h-06Fh,0A0h-0EFh,0110h-016Fh,0190h-01EFh \
  -AABS1=020h-07Fh,0A0h-0EFh,0110h-016Fh,0190h-01EFh -ASFR0=00h-01Fh \
  -ASFR1=080h-09Fh -ASFR2=0100h-010Fh -ASFR3=0180h-018Fh \
  -preset_vec=00h,intentry,init,end_init -ppowerup=CODE -pcinit=CODE \
  -pfunctab=ENTRY -ACONFIG=02007h-02007h -pconfig=CONFIG -DCONFIG=2 \
  -AIDLOC=02000h-02003h -pidloc=IDLOC -DIDLOC=2 -AEEDATA=00h-0FFh/02100h \
  -peeprom_data=EEDATA -DEEDATA=2 -DCODE=2 -DSTRCODE=2 -DSTRING=2 -DCONST=2 \
  -DENTRY=2 -k C:\Users\Dhrumil\AppData\Local\Temp\saas.o \
  dist/default/production\PIC.X.production.o 

Object code version is 3.11

Machine type is 16F876A



                Name                               Link     Load   Length Selector   Space Scale
C:\Users\Dhrumil\AppData\Local\Temp\saas.o
                end_init                              0        0        3        0       0
                config                             2007     2007        1     400E       0
dist/default/production\PIC.X.production.o
                cinit                               7FC      7FC        4      FF8       0
                text32                             18E3     18E3        9     31C6       0
                text31                             199F     199F       29     333E       0
                text30                             1905     1905       1A     320A       0
                text29                             191F     191F       1A     323E       0
                text28                             18EC     18EC        B     31D8       0
                text27                             1BA6     1BA6       5B     374C       0
                text26                             1A36     1A36       41     346C       0
                text25                             1ABF     1ABF       4A     357E       0
                text24                             1B54     1B54       52     36A8       0
                text23                             1E5D     1E5D      1A3     3CBA       0
                text22                             1A77     1A77       48     34EE       0
                text21                             1D27     1D27       93     3A4E       0
                text20                              8B9      8B9        9     1172       0
                text19                              8C2      8C2      22F     1184       0
                text18                             195A     195A       22     32B4       0
                text17                             1CBA     1CBA       6D     3974       0
                text16                             1C5C     1C5C       5E     38B8       0
                text15                             1003     1003       4C     2006       0
                text14                             1939     1939       21     3272       0
                text13                             1DBA     1DBA       A3     3B74       0
                text12                             10F8     10F8       AA     21F0       0
                text11                             104F     104F       A9     209E       0
                text10                             197C     197C       23     32F8       0
                text9                              11A2     11A2      315     2344       0
                text8                              19FA     19FA       3C     33F4       0
                text7                              19C8     19C8       32     3390       0
                text6                                 4        4      201        8       0
                text5                              18F7     18F7        E     31EE       0
                text4                              1C01     1C01       5B     3802       0
                text3                              1B09     1B09       4B     3612       0
                text2                              14B7     14B7      349     296E       0
                text1                               205      205      5F7      40A       0
                maintext                            AF1      AF1      50F     15E2       0
                cstackBANK0                          20       20       4F       20       1
                cstackCOMMON                         70       70        E       70       1
                cstackBANK1                          A0       A0       4D       A0       1
                strings                             800      800       B9     1000       0

TOTAL           Name                               Link     Load   Length     Space
        CLASS   STACK          

        CLASS   CODE           
                end_init                              0        0        3         0
                cinit                               7FC      7FC        4         0
                text32                             18E3     18E3        9         0
                text31                             199F     199F       29         0
                text30                             1905     1905       1A         0
                text29                             191F     191F       1A         0
                text28                             18EC     18EC        B         0
                text27                             1BA6     1BA6       5B         0
                text26                             1A36     1A36       41         0
                text25                             1ABF     1ABF       4A         0
                text24                             1B54     1B54       52         0
                text23                             1E5D     1E5D      1A3         0
                text22                             1A77     1A77       48         0
                text21                             1D27     1D27       93         0
                text20                              8B9      8B9        9         0
                text19                              8C2      8C2      22F         0
                text18                             195A     195A       22         0
                text17                             1CBA     1CBA       6D         0
                text16                             1C5C     1C5C       5E         0
                text15                             1003     1003       4C         0
                text14                             1939     1939       21         0
                text13                             1DBA     1DBA       A3         0
                text12                             10F8     10F8       AA         0
                text11                             104F     104F       A9         0
                text10                             197C     197C       23         0
                text9                              11A2     11A2      315         0
                text8                              19FA     19FA       3C         0
                text7                              19C8     19C8       32         0
                text6                                 4        4      201         0
                text5                              18F7     18F7        E         0
                text4                              1C01     1C01       5B         0
                text3                              1B09     1B09       4B         0
                text2                              14B7     14B7      349         0
                text1                               205      205      5F7         0
                maintext                            AF1      AF1      50F         0

        CLASS   STRCODE        

        CLASS   STRING         
                strings                             800      800       B9         0

        CLASS   CONST          

        CLASS   ENTRY          

        CLASS   COMMON         
                cstackCOMMON                         70       70        E         1

        CLASS   BANK0          
                cstackBANK0                          20       20       4F         1

        CLASS   BANK1          
                cstackBANK1                          A0       A0       4D         1

        CLASS   BANK2          

        CLASS   BANK3          

        CLASS   RAM            

        CLASS   ABS1           
                abs_s1                               7E       7E        2         1

        CLASS   SFR0           

        CLASS   SFR1           

        CLASS   SFR2           

        CLASS   SFR3           

        CLASS   CONFIG         
                config                             2007     2007        1         0

        CLASS   IDLOC          

        CLASS   EEDATA         



SEGMENTS        Name                           Load    Length   Top    Selector   Space  Class     Delta

                reset_vec                      000000  000003  000003         0       0  CODE        2
                text6                          000004  000201  000205         8       0  CODE        2
                cstackBANK0                    000020  00004F  00006F        20       1  BANK0       1
                cstackCOMMON                   000070  00000E  00007E        70       1  COMMON      1
                cstackBANK1                    0000A0  00004D  0000ED        A0       1  BANK1       1
                text1                          000205  0005F7  0007FC       40A       0  CODE        2
                cinit                          0007FC  000004  000800       FF8       0  CODE        2
                strings                        000800  0000B9  0008B9      1000       0  STRING      2
                text20                         0008B9  000009  0008C2      1172       0  CODE        2
                text19                         0008C2  00022F  000AF1      1184       0  CODE        2
                maintext                       000AF1  00050F  001000      15E2       0  CODE        2
                text15                         001003  00004C  00104F      2006       0  CODE        2
                text11                         00104F  0000A9  0010F8      209E       0  CODE        2
                text12                         0010F8  0000AA  0011A2      21F0       0  CODE        2
                text9                          0011A2  000315  0014B7      2344       0  CODE        2
                text2                          0014B7  000349  001800      296E       0  CODE        2
                text32                         0018E3  000009  0018EC      31C6       0  CODE        2
                text28                         0018EC  00000B  0018F7      31D8       0  CODE        2
                text5                          0018F7  00000E  001905      31EE       0  CODE        2
                text30                         001905  00001A  00191F      320A       0  CODE        2
                text29                         00191F  00001A  001939      323E       0  CODE        2
                text14                         001939  000021  00195A      3272       0  CODE        2
                text18                         00195A  000022  00197C      32B4       0  CODE        2
                text10                         00197C  000023  00199F      32F8       0  CODE        2
                text31                         00199F  000029  0019C8      333E       0  CODE        2
                text7                          0019C8  000032  0019FA      3390       0  CODE        2
                text8                          0019FA  00003C  001A36      33F4       0  CODE        2
                text26                         001A36  000041  001A77      346C       0  CODE        2
                text22                         001A77  000048  001ABF      34EE       0  CODE        2
                text25                         001ABF  00004A  001B09      357E       0  CODE        2
                text3                          001B09  00004B  001B54      3612       0  CODE        2
                text24                         001B54  000052  001BA6      36A8       0  CODE        2
                text27                         001BA6  00005B  001C01      374C       0  CODE        2
                text4                          001C01  00005B  001C5C      3802       0  CODE        2
                text16                         001C5C  00005E  001CBA      38B8       0  CODE        2
                text17                         001CBA  00006D  001D27      3974       0  CODE        2
                text21                         001D27  000093  001DBA      3A4E       0  CODE        2
                text13                         001DBA  0000A3  001E5D      3B74       0  CODE        2
                text23                         001E5D  0001A3  002000      3CBA       0  CODE        2
                config                         002007  000001  002008      400E       0  CONFIG      2


UNUSED ADDRESS RANGES

        Name                Unused          Largest block    Delta
        BANK0            006F-006F              1           1
        BANK1            00ED-00EF              3           1
        BANK2            0110-016F             60           1
        BANK3            0190-01EF             60           1
        CODE             0003-0003              1           2
                         1000-1002              3
                         1800-18E2             E3
        CONST            0003-0003              1           2
                         1000-1002              3
                         1800-18E2             E3
        EEDATA           2100-21FF            100           2
        ENTRY            0003-0003              1           2
                         1000-1002              3
                         1800-18E2             E3
        IDLOC            2000-2003              4           2
        RAM              006F-006F              1           1
                         00ED-00EF              3
                         0110-016F             60
                         0190-01EF             60
        SFR0             0000-001F             20           1
        SFR1             0080-009F             20           1
        SFR2             0100-010F             10           1
        SFR3             0180-018F             10           1
        STACK            0110-016F             60           1
        STRCODE          0003-0003              1           2
                         1000-1002              3
                         1800-18E2             E3
        STRING           0003-0003              1           2
                         1000-1002              3
                         1800-18E2             E3

                                  Symbol Table

?_ADC_Read                  cstackCOMMON 0070
?__Umul8_16                 cstackCOMMON 0070
?___awdiv                   cstackCOMMON 0077
?___awmod                   cstackCOMMON 0070
?___fladd                   cstackBANK0  0052
?___fldiv                   cstackBANK1  00A0
?___flmul                   cstackBANK0  0024
?___flneg                   cstackCOMMON 0070
?___flsub                   cstackBANK0  0066
?___fltol                   cstackBANK0  0051
?___lldiv                   cstackCOMMON 0070
?___llmod                   cstackCOMMON 0070
?___lwdiv                   cstackCOMMON 0076
?___lwmod                   cstackCOMMON 0070
?___wmul                    cstackCOMMON 0070
?___xxtofl                  cstackCOMMON 0070
?__div_to_l_                cstackCOMMON 0070
?__tdiv_to_l_               cstackCOMMON 0070
?_fround                    cstackBANK0  003E
?_scale                     cstackBANK0  003E
?_sprintf                   cstackBANK1  00A0
ADC_Read@channel            cstackCOMMON 0074
Lcd_Cmd@a                   cstackCOMMON 0073
Lcd_Print_Char@Lower_Nibble cstackCOMMON 0072
Lcd_Print_Char@Upper_Nibble cstackCOMMON 0073
Lcd_Print_Char@data         cstackCOMMON 0074
Lcd_Print_Char@i            cstackCOMMON 0075
Lcd_Print_Char@i_70         cstackCOMMON 0077
Lcd_Print_String@a          cstackCOMMON 0079
Lcd_Print_String@i          cstackBANK0  0020
Lcd_SetBit@data_bit         cstackCOMMON 0070
Lcd_Set_Cursor@a            cstackCOMMON 0077
Lcd_Set_Cursor@b            cstackCOMMON 0074
Lcd_Set_Cursor@temp         cstackCOMMON 007A
Lcd_Set_Cursor@y            cstackCOMMON 0079
Lcd_Set_Cursor@z            cstackCOMMON 0078
_ADCON0                     (abs)        001F
_ADCON1                     (abs)        009F
_ADC_Initialize             text32       18E3
_ADC_Read                   text31       199F
_ADRESH                     (abs)        001E
_ADRESL                     (abs)        009E
_GO_nDONE                   (abs)        00FA
_Lcd_Clear                  text28       18EC
_Lcd_Cmd                    text29       191F
_Lcd_Print_Char             text27       1BA6
_Lcd_Print_String           text26       1A36
_Lcd_SetBit                 text30       1905
_Lcd_Set_Cursor             text25       1ABF
_Lcd_Start                  text24       1B54
_RB1                        (abs)        0031
_RB2                        (abs)        0032
_RB4                        (abs)        0034
_RB5                        (abs)        0035
_RB6                        (abs)        0036
_RB7                        (abs)        0037
_TRISB                      (abs)        0086
__CFG_BOREN$ON              (abs)        0000
__CFG_CP$OFF                (abs)        0000
__CFG_CPD$OFF               (abs)        0000
__CFG_FOSC$HS               (abs)        0000
__CFG_LVP$OFF               (abs)        0000
__CFG_PWRTE$ON              (abs)        0000
__CFG_WDTE$ON               (abs)        0000
__CFG_WRT$OFF               (abs)        0000
__Habs1                     abs1         0000
__Hbank0                    bank0        0000
__Hbank1                    bank1        0000
__Hbank2                    bank2        0000
__Hbank3                    bank3        0000
__Hcinit                    cinit        0800
__Hclrtext                  clrtext      0000
__Hcode                     code         0000
__Hcommon                   common       0000
__Hconfig                   config       2008
__HcstackBANK0              cstackBANK0  0000
__HcstackBANK1              cstackBANK1  0000
__HcstackCOMMON             cstackCOMMON 0000
__Heeprom_data              eeprom_data  0000
__Hend_init                 end_init     0003
__Hfunctab                  functab      0000
__Hidloc                    idloc        0000
__Hinit                     init         0000
__Hintentry                 intentry     0000
__Hmaintext                 maintext     0000
__Hpowerup                  powerup      0000
__Hram                      ram          0000
__Hreset_vec                reset_vec    0000
__Hsfr0                     sfr0         0000
__Hsfr1                     sfr1         0000
__Hsfr2                     sfr2         0000
__Hsfr3                     sfr3         0000
__Hspace_0                  (abs)        2008
__Hspace_1                  (abs)        00ED
__Hspace_2                  (abs)        0000
__Hspace_3                  (abs)        0000
__Hstack                    stack        0000
__Hstrings                  strings      0000
__Htext                     text         0000
__Labs1                     abs1         0000
__Lbank0                    bank0        0000
__Lbank1                    bank1        0000
__Lbank2                    bank2        0000
__Lbank3                    bank3        0000
__Lcinit                    cinit        07FC
__Lclrtext                  clrtext      0000
__Lcode                     code         0000
__Lcommon                   common       0000
__Lconfig                   config       2007
__LcstackBANK0              cstackBANK0  0000
__LcstackBANK1              cstackBANK1  0000
__LcstackCOMMON             cstackCOMMON 0000
__Leeprom_data              eeprom_data  0000
__Lend_init                 end_init     0000
__Lfunctab                  functab      0000
__Lidloc                    idloc        0000
__Linit                     init         0000
__Lintentry                 intentry     0000
__Lmaintext                 maintext     0000
__Lpowerup                  powerup      0000
__Lram                      ram          0000
__Lreset_vec                reset_vec    0000
__Lsfr0                     sfr0         0000
__Lsfr1                     sfr1         0000
__Lsfr2                     sfr2         0000
__Lsfr3                     sfr3         0000
__Lspace_0                  (abs)        0000
__Lspace_1                  (abs)        0000
__Lspace_2                  (abs)        0000
__Lspace_3                  (abs)        0000
__Lstack                    stack        0000
__Lstrings                  strings      0000
__Ltext                     text         0000
__S0                        (abs)        2008
__S1                        (abs)        00ED
__S2                        (abs)        0000
__S3                        (abs)        0000
__Umul8_16                  text10       197C
__Umul8_16@multiplicand     cstackCOMMON 0070
__Umul8_16@multiplier       cstackCOMMON 0078
__Umul8_16@product          cstackCOMMON 0074
__Umul8_16@word_mpld        cstackCOMMON 0076
___awdiv                    text4        1C01
___awdiv@counter            cstackBANK0  0020
___awdiv@dividend           cstackCOMMON 0079
___awdiv@divisor            cstackCOMMON 0077
___awdiv@quotient           cstackBANK0  0022
___awdiv@sign               cstackBANK0  0021
___awmod                    text3        1B09
___awmod@counter            cstackCOMMON 0075
___awmod@dividend           cstackCOMMON 0072
___awmod@divisor            cstackCOMMON 0070
___awmod@sign               cstackCOMMON 0076
___fladd                    text19       08C2
___fladd@a                  cstackBANK0  0056
___fladd@aexp               cstackBANK0  0063
___fladd@b                  cstackBANK0  0052
___fladd@bexp               cstackBANK0  0064
___fladd@grs                cstackBANK0  0065
___fladd@signs              cstackBANK0  0062
___fldiv                    text23       1E5D
___fldiv@a                  cstackBANK1  00A0
___fldiv@aexp               cstackBANK1  00B9
___fldiv@b                  cstackBANK1  00A4
___fldiv@bexp               cstackBANK1  00B8
___fldiv@grs                cstackBANK1  00B4
___fldiv@new_exp            cstackBANK1  00B2
___fldiv@rem                cstackBANK1  00AD
___fldiv@sign               cstackBANK1  00B1
___fleq                     text22       1A77
___fleq@ff1                 cstackCOMMON 0070
___fleq@ff2                 cstackCOMMON 0074
___flge                     text21       1D27
___flge@ff1                 cstackCOMMON 0070
___flge@ff2                 cstackCOMMON 0074
___flmul                    text9        11A2
___flmul@a                  cstackBANK0  0028
___flmul@aexp               cstackBANK0  0036
___flmul@b                  cstackBANK0  0024
___flmul@bexp               cstackBANK0  0037
___flmul@grs                cstackBANK0  0032
___flmul@prod               cstackBANK0  0038
___flmul@sign               cstackBANK0  0031
___flmul@temp               cstackBANK0  003C
___flneg                    text20       08B9
___flneg@f1                 cstackCOMMON 0070
___flsub                    text18       195A
___flsub@a                  cstackBANK0  0066
___flsub@b                  cstackBANK0  006A
___fltol                    text17       1CBA
___fltol@exp1               cstackBANK0  005B
___fltol@f1                 cstackBANK0  0051
___fltol@sign1              cstackBANK0  005A
___int_sp                   stack        0000
___latbits                  (abs)        0002
___lldiv                    text16       1C5C
___lldiv@counter            cstackCOMMON 007D
___lldiv@dividend           cstackCOMMON 0074
___lldiv@divisor            cstackCOMMON 0070
___lldiv@quotient           cstackCOMMON 0079
___llmod                    text15       1003
___llmod@counter            cstackCOMMON 0079
___llmod@dividend           cstackCOMMON 0074
___llmod@divisor            cstackCOMMON 0070
___lwdiv                    text8        19FA
___lwdiv@counter            cstackCOMMON 007D
___lwdiv@dividend           cstackCOMMON 0078
___lwdiv@divisor            cstackCOMMON 0076
___lwdiv@quotient           cstackCOMMON 007B
___lwmod                    text7        19C8
___lwmod@counter            cstackCOMMON 0075
___lwmod@dividend           cstackCOMMON 0072
___lwmod@divisor            cstackCOMMON 0070
___sp                       stack        0000
___stackhi                  (abs)        0000
___stacklo                  (abs)        0000
___wmul                     text14       1939
___wmul@multiplicand        cstackCOMMON 0072
___wmul@multiplier          cstackCOMMON 0070
___wmul@product             cstackCOMMON 0074
___xxtofl                   text13       1DBA
___xxtofl@arg               cstackCOMMON 007A
___xxtofl@exp               cstackCOMMON 0079
___xxtofl@sign              cstackCOMMON 0078
___xxtofl@val               cstackCOMMON 0070
__div_to_l_                 text12       10F8
__div_to_l_@cntr            cstackBANK0  0024
__div_to_l_@exp1            cstackBANK0  0025
__div_to_l_@f1              cstackCOMMON 0070
__div_to_l_@f2              cstackCOMMON 0074
__div_to_l_@quot            cstackBANK0  0020
__end_of_ADC_Initialize     text32       18EC
__end_of_ADC_Read           text31       19C8
__end_of_Lcd_Clear          text28       18F7
__end_of_Lcd_Cmd            text29       1939
__end_of_Lcd_Print_Char     text27       1C01
__end_of_Lcd_Print_String   text26       1A77
__end_of_Lcd_SetBit         text30       191F
__end_of_Lcd_Set_Cursor     text25       1B09
__end_of_Lcd_Start          text24       1BA6
__end_of__Umul8_16          text10       199F
__end_of___awdiv            text4        1C5C
__end_of___awmod            text3        1B54
__end_of___fladd            text19       0AF1
__end_of___fldiv            text23       2000
__end_of___fleq             text22       1ABF
__end_of___flge             text21       1DBA
__end_of___flmul            text9        14B7
__end_of___flneg            text20       08C2
__end_of___flsub            text18       197C
__end_of___fltol            text17       1D27
__end_of___lldiv            text16       1CBA
__end_of___llmod            text15       104F
__end_of___lwdiv            text8        1A36
__end_of___lwmod            text7        19FA
__end_of___wmul             text14       195A
__end_of___xxtofl           text13       1E5D
__end_of__div_to_l_         text12       11A2
__end_of__initialization    cinit        07FC
__end_of__npowers_          strings      0878
__end_of__powers_           strings      0844
__end_of__stringtab         strings      0810
__end_of__tdiv_to_l_        text11       10F8
__end_of_dpowers            strings      08A0
__end_of_fround             text6        0205
__end_of_isdigit            text5        1905
__end_of_main               maintext     1000
__end_of_scale              text2        1800
__end_of_sprintf            text1        07FC
__initialization            cinit        07FC
__npowers_                  strings      0844
__pcstackBANK0              cstackBANK0  0020
__pcstackBANK1              cstackBANK1  00A0
__pcstackCOMMON             cstackCOMMON 0070
__pmaintext                 maintext     0AF1
__powers_                   strings      0810
__pstrings                  strings      0800
__ptext1                    text1        0205
__ptext10                   text10       197C
__ptext11                   text11       104F
__ptext12                   text12       10F8
__ptext13                   text13       1DBA
__ptext14                   text14       1939
__ptext15                   text15       1003
__ptext16                   text16       1C5C
__ptext17                   text17       1CBA
__ptext18                   text18       195A
__ptext19                   text19       08C2
__ptext2                    text2        14B7
__ptext20                   text20       08B9
__ptext21                   text21       1D27
__ptext22                   text22       1A77
__ptext23                   text23       1E5D
__ptext24                   text24       1B54
__ptext25                   text25       1ABF
__ptext26                   text26       1A36
__ptext27                   text27       1BA6
__ptext28                   text28       18EC
__ptext29                   text29       191F
__ptext3                    text3        1B09
__ptext30                   text30       1905
__ptext31                   text31       199F
__ptext32                   text32       18E3
__ptext4                    text4        1C01
__ptext5                    text5        18F7
__ptext6                    text6        0004
__ptext7                    text7        19C8
__ptext8                    text8        19FA
__ptext9                    text9        11A2
__size_of_ADC_Initialize    (abs)        0000
__size_of_ADC_Read          (abs)        0000
__size_of_Lcd_Clear         (abs)        0000
__size_of_Lcd_Cmd           (abs)        0000
__size_of_Lcd_Print_Char    (abs)        0000
__size_of_Lcd_Print_String  (abs)        0000
__size_of_Lcd_SetBit        (abs)        0000
__size_of_Lcd_Set_Cursor    (abs)        0000
__size_of_Lcd_Start         (abs)        0000
__size_of__Umul8_16         (abs)        0000
__size_of___awdiv           (abs)        0000
__size_of___awmod           (abs)        0000
__size_of___fladd           (abs)        0000
__size_of___fldiv           (abs)        0000
__size_of___fleq            (abs)        0000
__size_of___flge            (abs)        0000
__size_of___flmul           (abs)        0000
__size_of___flneg           (abs)        0000
__size_of___flsub           (abs)        0000
__size_of___fltol           (abs)        0000
__size_of___lldiv           (abs)        0000
__size_of___llmod           (abs)        0000
__size_of___lwdiv           (abs)        0000
__size_of___lwmod           (abs)        0000
__size_of___wmul            (abs)        0000
__size_of___xxtofl          (abs)        0000
__size_of__div_to_l_        (abs)        0000
__size_of__tdiv_to_l_       (abs)        0000
__size_of_fround            (abs)        0000
__size_of_isdigit           (abs)        0000
__size_of_main              (abs)        0000
__size_of_scale             (abs)        0000
__size_of_sprintf           (abs)        0000
__stringbase                strings      080F
__stringtab                 strings      0800
__tdiv_to_l_                text11       104F
__tdiv_to_l_@cntr           cstackBANK0  0024
__tdiv_to_l_@exp1           cstackBANK0  0025
__tdiv_to_l_@f1             cstackCOMMON 0070
__tdiv_to_l_@f2             cstackCOMMON 0074
__tdiv_to_l_@quot           cstackBANK0  0020
_dpowers                    strings      0878
_fround                     text6        0004
_fround$803                 cstackBANK0  004D
_fround$804                 cstackBANK0  0049
_isdigit                    text5        18F7
_isdigit$613                cstackCOMMON 0070
_main                       maintext     0AF1
_main$802                   cstackBANK1  00DB
_scale                      text2        14B7
_scale$805                  cstackBANK0  004C
_sprintf                    text1        0205
_sprintf$806                cstackBANK1  00AA
btemp                       (abs)        007E
end_of_initialization       cinit        07FC
fround@prec                 cstackBANK0  0051
intlevel0                   functab      0000
intlevel1                   functab      0000
intlevel2                   functab      0000
intlevel3                   functab      0000
intlevel4                   functab      0000
intlevel5                   functab      0000
isdigit@c                   cstackCOMMON 0071
main@RLim                   cstackBANK1  00C3
main@adc                    cstackBANK1  00E7
main@current_limit_val      cstackBANK1  00E9
main@current_limit_val_prev cstackBANK1  00CF
main@current_val            cstackBANK1  00E3
main@current_val_prev       cstackBANK1  00CB
main@str                    cstackBANK1  00D3
main@voltage_val            cstackBANK1  00DF
main@voltage_val_prev       cstackBANK1  00C7
reset_vec                   reset_vec    0000
scale@scl                   cstackBANK0  0050
sprintf@ap                  cstackBANK1  00AE
sprintf@c                   cstackBANK1  00C2
sprintf@eexp                cstackBANK1  00B5
sprintf@f                   cstackBANK1  00A0
sprintf@flag                cstackBANK1  00AF
sprintf@fval                cstackBANK1  00BE
sprintf@prec                cstackBANK1  00BB
sprintf@sp                  cstackBANK1  00BD
sprintf@tmpval              cstackBANK1  00B7
sprintf@val                 cstackBANK1  00B1
start                       init         0000
start_initialization        cinit        07FC
wtemp0                      (abs)        007E


FUNCTION INFORMATION:

 *************** function _main *****************
 Defined at:
		line 147 in file "main.c"
 Parameters:    Size  Location     Type
		None
 Auto vars:     Size  Location     Type
  str             8   51[BANK1 ] unsigned char [8]
  current_limi    4   73[BANK1 ] float 
  current_val     4   67[BANK1 ] float 
  voltage_val     4   63[BANK1 ] float 
  current_limi    4   47[BANK1 ] float 
  current_val_    4   43[BANK1 ] float 
  voltage_val_    4   39[BANK1 ] float 
  RLim            4   35[BANK1 ] float 
  adc             2   71[BANK1 ] int 
 Return value:  Size  Location     Type
                  2   84[None  ] int 
 Registers used:
		wreg, fsr0l, fsr0h, status,2, status,0, btemp+1, pclath, cstack
 Tracked objects:
		On entry : 
		On exit  : 
		Unchanged: 
 Data sizes:     COMMON   BANK0   BANK1   BANK3   BANK2
      Params:         0       0       0       0       0
      Locals:         0       0      42       0       0
      Temps:          0       1       0       0       0
      Totals:         0       1      42       0       0
Total ram usage:       43 bytes
 Hardware stack levels required when called:    4
 This function calls:
		_ADC_Initialize
		_ADC_Read
		_Lcd_Clear
		_Lcd_Print_String
		_Lcd_Set_Cursor
		_Lcd_Start
		___fldiv
		___fleq
		___flge
		___flmul
		___flsub
		___xxtofl
		_sprintf
 This function is called by:
		Startup code after reset
 This function uses a non-reentrant model


 *************** function _sprintf *****************
 Defined at:
		line 500 in file "C:\Program Files (x86)\Microchip\xc8\v2.05\pic\sources\c90\common\doprnt.c"
 Parameters:    Size  Location     Type
  sp              1    wreg     PTR unsigned char 
		 -> main@str(8), 
  f               1    0[BANK1 ] PTR const unsigned char 
		 -> STR_10(5), STR_9(5), STR_8(5), STR_7(5), 
		 -> STR_6(5), STR_5(5), 
 Auto vars:     Size  Location     Type
  sp              1   29[BANK1 ] PTR unsigned char 
		 -> main@str(8), 
  fval            4   30[BANK1 ] PTR unsigned char 
  tmpval          4   23[BANK1 ] struct .
  val             4   17[BANK1 ] unsigned long 
  prec            2   27[BANK1 ] int 
  eexp            2   21[BANK1 ] int 
  flag            2   15[BANK1 ] unsigned short 
  cp              2    0        PTR const unsigned char 
  len             2    0        unsigned int 
  width           2    0        int 
  c               1   34[BANK1 ] unsigned char 
  ap              1   14[BANK1 ] PTR void [1]
		 -> ?_sprintf(2), 
  d               1    0        unsigned char 
 Return value:  Size  Location     Type
                  2    0[BANK1 ] int 
 Registers used:
		wreg, fsr0l, fsr0h, status,2, status,0, btemp+1, pclath, cstack
 Tracked objects:
		On entry : 
		On exit  : 
		Unchanged: 
 Data sizes:     COMMON   BANK0   BANK1   BANK3   BANK2
      Params:         0       0       5       0       0
      Locals:         0       0      25       0       0
      Temps:          0       0       5       0       0
      Totals:         0       0      35       0       0
Total ram usage:       35 bytes
 Hardware stack levels used:    1
 Hardware stack levels required when called:    3
 This function calls:
		___awdiv
		___fladd
		___fleq
		___flge
		___flmul
		___flneg
		___flsub
		___fltol
		___lldiv
		___llmod
		___wmul
		___xxtofl
		__div_to_l_
		__tdiv_to_l_
		_fround
		_isdigit
		_scale
 This function is called by:
		_main
 This function uses a non-reentrant model


 *************** function _scale *****************
 Defined at:
		line 433 in file "C:\Program Files (x86)\Microchip\xc8\v2.05\pic\sources\c90\common\doprnt.c"
 Parameters:    Size  Location     Type
  scl             1    wreg     char 
 Auto vars:     Size  Location     Type
  scl             1   48[BANK0 ] char 
 Return value:  Size  Location     Type
                  4   30[BANK0 ] char 
 Registers used:
		wreg, fsr0l, fsr0h, status,2, status,0, btemp+1, pclath, cstack
 Tracked objects:
		On entry : 
		On exit  : 
		Unchanged: 
 Data sizes:     COMMON   BANK0   BANK1   BANK3   BANK2
      Params:         0       4       0       0       0
      Locals:         0       5       0       0       0
      Temps:          0      10       0       0       0
      Totals:         0      19       0       0       0
Total ram usage:       19 bytes
 Hardware stack levels used:    1
 Hardware stack levels required when called:    2
 This function calls:
		___awdiv
		___awmod
		___flmul
 This function is called by:
		_sprintf
 This function uses a non-reentrant model


 *************** function ___awmod *****************
 Defined at:
		line 5 in file "C:\Program Files (x86)\Microchip\xc8\v2.05\pic\sources\c90\common\awmod.c"
 Parameters:    Size  Location     Type
  divisor         2    0[COMMON] int 
  dividend        2    2[COMMON] int 
 Auto vars:     Size  Location     Type
  sign            1    6[COMMON] unsigned char 
  counter         1    5[COMMON] unsigned char 
 Return value:  Size  Location     Type
                  2    0[COMMON] int 
 Registers used:
		wreg, status,2, status,0
 Tracked objects:
		On entry : 
		On exit  : 
		Unchanged: 
 Data sizes:     COMMON   BANK0   BANK1   BANK3   BANK2
      Params:         4       0       0       0       0
      Locals:         2       0       0       0       0
      Temps:          1       0       0       0       0
      Totals:         7       0       0       0       0
Total ram usage:        7 bytes
 Hardware stack levels used:    1
 This function calls:
		Nothing
 This function is called by:
		_scale
 This function uses a non-reentrant model


 *************** function ___awdiv *****************
 Defined at:
		line 5 in file "C:\Program Files (x86)\Microchip\xc8\v2.05\pic\sources\c90\common\awdiv.c"
 Parameters:    Size  Location     Type
  divisor         2    7[COMMON] int 
  dividend        2    9[COMMON] int 
 Auto vars:     Size  Location     Type
  quotient        2    2[BANK0 ] int 
  sign            1    1[BANK0 ] unsigned char 
  counter         1    0[BANK0 ] unsigned char 
 Return value:  Size  Location     Type
                  2    7[COMMON] int 
 Registers used:
		wreg, status,2, status,0
 Tracked objects:
		On entry : 
		On exit  : 
		Unchanged: 
 Data sizes:     COMMON   BANK0   BANK1   BANK3   BANK2
      Params:         4       0       0       0       0
      Locals:         0       4       0       0       0
      Temps:          1       0       0       0       0
      Totals:         5       4       0       0       0
Total ram usage:        9 bytes
 Hardware stack levels used:    1
 This function calls:
		Nothing
 This function is called by:
		_scale
		_sprintf
 This function uses a non-reentrant model


 *************** function _isdigit *****************
 Defined at:
		line 8 in file "C:\Program Files (x86)\Microchip\xc8\v2.05\pic\sources\c90\common\isdigit.c"
 Parameters:    Size  Location     Type
  c               1    wreg     unsigned char 
 Auto vars:     Size  Location     Type
  c               1    1[COMMON] unsigned char 
 Return value:  Size  Location     Type
		None               void
 Registers used:
		wreg, status,2, status,0
 Tracked objects:
		On entry : 
		On exit  : 
		Unchanged: 
 Data sizes:     COMMON   BANK0   BANK1   BANK3   BANK2
      Params:         0       0       0       0       0
      Locals:         2       0       0       0       0
      Temps:          0       0       0       0       0
      Totals:         2       0       0       0       0
Total ram usage:        2 bytes
 Hardware stack levels used:    1
 This function calls:
		Nothing
 This function is called by:
		_sprintf
 This function uses a non-reentrant model


 *************** function _fround *****************
 Defined at:
		line 417 in file "C:\Program Files (x86)\Microchip\xc8\v2.05\pic\sources\c90\common\doprnt.c"
 Parameters:    Size  Location     Type
  prec            1    wreg     unsigned char 
 Auto vars:     Size  Location     Type
  prec            1   49[BANK0 ] unsigned char 
 Return value:  Size  Location     Type
                  4   30[BANK0 ] unsigned char 
 Registers used:
		wreg, fsr0l, fsr0h, status,2, status,0, btemp+1, pclath, cstack
 Tracked objects:
		On entry : 
		On exit  : 
		Unchanged: 
 Data sizes:     COMMON   BANK0   BANK1   BANK3   BANK2
      Params:         0       4       0       0       0
      Locals:         0       9       0       0       0
      Temps:          0       7       0       0       0
      Totals:         0      20       0       0       0
Total ram usage:       20 bytes
 Hardware stack levels used:    1
 Hardware stack levels required when called:    2
 This function calls:
		___flmul
		___lwdiv
		___lwmod
 This function is called by:
		_sprintf
 This function uses a non-reentrant model


 *************** function ___lwmod *****************
 Defined at:
		line 5 in file "C:\Program Files (x86)\Microchip\xc8\v2.05\pic\sources\c90\common\lwmod.c"
 Parameters:    Size  Location     Type
  divisor         2    0[COMMON] unsigned int 
  dividend        2    2[COMMON] unsigned int 
 Auto vars:     Size  Location     Type
  counter         1    5[COMMON] unsigned char 
 Return value:  Size  Location     Type
                  2    0[COMMON] unsigned int 
 Registers used:
		wreg, status,2, status,0
 Tracked objects:
		On entry : 
		On exit  : 
		Unchanged: 
 Data sizes:     COMMON   BANK0   BANK1   BANK3   BANK2
      Params:         4       0       0       0       0
      Locals:         1       0       0       0       0
      Temps:          1       0       0       0       0
      Totals:         6       0       0       0       0
Total ram usage:        6 bytes
 Hardware stack levels used:    1
 This function calls:
		Nothing
 This function is called by:
		_fround
 This function uses a non-reentrant model


 *************** function ___lwdiv *****************
 Defined at:
		line 5 in file "C:\Program Files (x86)\Microchip\xc8\v2.05\pic\sources\c90\common\lwdiv.c"
 Parameters:    Size  Location     Type
  divisor         2    6[COMMON] unsigned int 
  dividend        2    8[COMMON] unsigned int 
 Auto vars:     Size  Location     Type
  quotient        2   11[COMMON] unsigned int 
  counter         1   13[COMMON] unsigned char 
 Return value:  Size  Location     Type
                  2    6[COMMON] unsigned int 
 Registers used:
		wreg, status,2, status,0
 Tracked objects:
		On entry : 
		On exit  : 
		Unchanged: 
 Data sizes:     COMMON   BANK0   BANK1   BANK3   BANK2
      Params:         4       0       0       0       0
      Locals:         3       0       0       0       0
      Temps:          1       0       0       0       0
      Totals:         8       0       0       0       0
Total ram usage:        8 bytes
 Hardware stack levels used:    1
 This function calls:
		Nothing
 This function is called by:
		_fround
 This function uses a non-reentrant model


 *************** function ___flmul *****************
 Defined at:
		line 8 in file "C:\Program Files (x86)\Microchip\xc8\v2.05\pic\sources\c90\common\sprcmul.c"
 Parameters:    Size  Location     Type
  b               4    4[BANK0 ] unsigned int 
  a               4    8[BANK0 ] unsigned int 
 Auto vars:     Size  Location     Type
  prod            4   24[BANK0 ] struct .
  grs             4   18[BANK0 ] unsigned long 
  temp            2   28[BANK0 ] struct .
  bexp            1   23[BANK0 ] unsigned char 
  aexp            1   22[BANK0 ] unsigned char 
  sign            1   17[BANK0 ] unsigned char 
 Return value:  Size  Location     Type
                  4    4[BANK0 ] unsigned char 
 Registers used:
		wreg, status,2, status,0, btemp+1, pclath, cstack
 Tracked objects:
		On entry : 
		On exit  : 
		Unchanged: 
 Data sizes:     COMMON   BANK0   BANK1   BANK3   BANK2
      Params:         0       8       0       0       0
      Locals:         0      13       0       0       0
      Temps:          0       5       0       0       0
      Totals:         0      26       0       0       0
Total ram usage:       26 bytes
 Hardware stack levels used:    1
 Hardware stack levels required when called:    1
 This function calls:
		__Umul8_16
 This function is called by:
		_main
		_fround
		_scale
		_sprintf
 This function uses a non-reentrant model


 *************** function __Umul8_16 *****************
 Defined at:
		line 4 in file "C:\Program Files (x86)\Microchip\xc8\v2.05\pic\sources\c90\common\Umul8_16.c"
 Parameters:    Size  Location     Type
  multiplier      1    wreg     unsigned char 
  multiplicand    1    0[COMMON] unsigned char 
 Auto vars:     Size  Location     Type
  multiplier      1    8[COMMON] unsigned char 
  word_mpld       2    6[COMMON] unsigned int 
  product         2    4[COMMON] unsigned int 
 Return value:  Size  Location     Type
                  2    0[COMMON] unsigned int 
 Registers used:
		wreg, status,2, status,0
 Tracked objects:
		On entry : 
		On exit  : 
		Unchanged: 
 Data sizes:     COMMON   BANK0   BANK1   BANK3   BANK2
      Params:         2       0       0       0       0
      Locals:         5       0       0       0       0
      Temps:          2       0       0       0       0
      Totals:         9       0       0       0       0
Total ram usage:        9 bytes
 Hardware stack levels used:    1
 This function calls:
		Nothing
 This function is called by:
		___flmul
 This function uses a non-reentrant model


 *************** function __tdiv_to_l_ *****************
 Defined at:
		line 60 in file "C:\Program Files (x86)\Microchip\xc8\v2.05\pic\sources\c90\common\ftdivl.c"
 Parameters:    Size  Location     Type
  f1              4    0[COMMON] float 
  f2              4    4[COMMON] float 
 Auto vars:     Size  Location     Type
  quot            4    0[BANK0 ] unsigned long 
  exp1            1    5[BANK0 ] unsigned char 
  cntr            1    4[BANK0 ] unsigned char 
 Return value:  Size  Location     Type
                  4    0[COMMON] unsigned long 
 Registers used:
		wreg, status,2, status,0
 Tracked objects:
		On entry : 
		On exit  : 
		Unchanged: 
 Data sizes:     COMMON   BANK0   BANK1   BANK3   BANK2
      Params:         8       0       0       0       0
      Locals:         0       6       0       0       0
      Temps:          4       0       0       0       0
      Totals:        12       6       0       0       0
Total ram usage:       18 bytes
 Hardware stack levels used:    1
 This function calls:
		Nothing
 This function is called by:
		_sprintf
 This function uses a non-reentrant model


 *************** function __div_to_l_ *****************
 Defined at:
		line 60 in file "C:\Program Files (x86)\Microchip\xc8\v2.05\pic\sources\c90\common\fldivl.c"
 Parameters:    Size  Location     Type
  f1              4    0[COMMON] unsigned long 
  f2              4    4[COMMON] unsigned long 
 Auto vars:     Size  Location     Type
  quot            4    0[BANK0 ] unsigned long 
  exp1            1    5[BANK0 ] unsigned char 
  cntr            1    4[BANK0 ] unsigned char 
 Return value:  Size  Location     Type
                  4    0[COMMON] unsigned long 
 Registers used:
		wreg, status,2, status,0
 Tracked objects:
		On entry : 
		On exit  : 
		Unchanged: 
 Data sizes:     COMMON   BANK0   BANK1   BANK3   BANK2
      Params:         8       0       0       0       0
      Locals:         0       6       0       0       0
      Temps:          1       0       0       0       0
      Totals:         9       6       0       0       0
Total ram usage:       15 bytes
 Hardware stack levels used:    1
 This function calls:
		Nothing
 This function is called by:
		_sprintf
 This function uses a non-reentrant model


 *************** function ___xxtofl *****************
 Defined at:
		line 10 in file "C:\Program Files (x86)\Microchip\xc8\v2.05\pic\sources\c90\common\xxtofl.c"
 Parameters:    Size  Location     Type
  sign            1    wreg     unsigned char 
  val             4    0[COMMON] long 
 Auto vars:     Size  Location     Type
  sign            1    8[COMMON] unsigned char 
  arg             4   10[COMMON] unsigned long 
  exp             1    9[COMMON] unsigned char 
 Return value:  Size  Location     Type
                  4    0[COMMON] unsigned char 
 Registers used:
		wreg, status,2, status,0
 Tracked objects:
		On entry : 
		On exit  : 
		Unchanged: 
 Data sizes:     COMMON   BANK0   BANK1   BANK3   BANK2
      Params:         4       0       0       0       0
      Locals:         6       0       0       0       0
      Temps:          4       0       0       0       0
      Totals:        14       0       0       0       0
Total ram usage:       14 bytes
 Hardware stack levels used:    1
 This function calls:
		Nothing
 This function is called by:
		_main
		_sprintf
 This function uses a non-reentrant model


 *************** function ___wmul *****************
 Defined at:
		line 15 in file "C:\Program Files (x86)\Microchip\xc8\v2.05\pic\sources\c90\common\Umul16.c"
 Parameters:    Size  Location     Type
  multiplier      2    0[COMMON] unsigned int 
  multiplicand    2    2[COMMON] unsigned int 
 Auto vars:     Size  Location     Type
  product         2    4[COMMON] unsigned int 
 Return value:  Size  Location     Type
                  2    0[COMMON] unsigned int 
 Registers used:
		wreg, status,2, status,0
 Tracked objects:
		On entry : 
		On exit  : 
		Unchanged: 
 Data sizes:     COMMON   BANK0   BANK1   BANK3   BANK2
      Params:         4       0       0       0       0
      Locals:         2       0       0       0       0
      Temps:          0       0       0       0       0
      Totals:         6       0       0       0       0
Total ram usage:        6 bytes
 Hardware stack levels used:    1
 This function calls:
		Nothing
 This function is called by:
		_sprintf
 This function uses a non-reentrant model


 *************** function ___llmod *****************
 Defined at:
		line 5 in file "C:\Program Files (x86)\Microchip\xc8\v2.05\pic\sources\c90\common\llmod.c"
 Parameters:    Size  Location     Type
  divisor         4    0[COMMON] unsigned long 
  dividend        4    4[COMMON] unsigned long 
 Auto vars:     Size  Location     Type
  counter         1    9[COMMON] unsigned char 
 Return value:  Size  Location     Type
                  4    0[COMMON] unsigned long 
 Registers used:
		wreg, status,2, status,0
 Tracked objects:
		On entry : 
		On exit  : 
		Unchanged: 
 Data sizes:     COMMON   BANK0   BANK1   BANK3   BANK2
      Params:         8       0       0       0       0
      Locals:         1       0       0       0       0
      Temps:          1       0       0       0       0
      Totals:        10       0       0       0       0
Total ram usage:       10 bytes
 Hardware stack levels used:    1
 This function calls:
		Nothing
 This function is called by:
		_sprintf
 This function uses a non-reentrant model


 *************** function ___lldiv *****************
 Defined at:
		line 5 in file "C:\Program Files (x86)\Microchip\xc8\v2.05\pic\sources\c90\common\__lldiv.c"
 Parameters:    Size  Location     Type
  divisor         4    0[COMMON] unsigned long 
  dividend        4    4[COMMON] unsigned long 
 Auto vars:     Size  Location     Type
  quotient        4    9[COMMON] unsigned long 
  counter         1   13[COMMON] unsigned char 
 Return value:  Size  Location     Type
                  4    0[COMMON] unsigned long 
 Registers used:
		wreg, status,2, status,0
 Tracked objects:
		On entry : 
		On exit  : 
		Unchanged: 
 Data sizes:     COMMON   BANK0   BANK1   BANK3   BANK2
      Params:         8       0       0       0       0
      Locals:         5       0       0       0       0
      Temps:          1       0       0       0       0
      Totals:        14       0       0       0       0
Total ram usage:       14 bytes
 Hardware stack levels used:    1
 This function calls:
		Nothing
 This function is called by:
		_sprintf
 This function uses a non-reentrant model


 *************** function ___fltol *****************
 Defined at:
		line 43 in file "C:\Program Files (x86)\Microchip\xc8\v2.05\pic\sources\c90\common\fltol.c"
 Parameters:    Size  Location     Type
  f1              4   49[BANK0 ] unsigned long 
 Auto vars:     Size  Location     Type
  exp1            1   59[BANK0 ] unsigned char 
  sign1           1   58[BANK0 ] unsigned char 
 Return value:  Size  Location     Type
                  4   49[BANK0 ] long 
 Registers used:
		wreg, status,2, status,0
 Tracked objects:
		On entry : 
		On exit  : 
		Unchanged: 
 Data sizes:     COMMON   BANK0   BANK1   BANK3   BANK2
      Params:         0       4       0       0       0
      Locals:         0       2       0       0       0
      Temps:          0       5       0       0       0
      Totals:         0      11       0       0       0
Total ram usage:       11 bytes
 Hardware stack levels used:    1
 This function calls:
		Nothing
 This function is called by:
		_sprintf
 This function uses a non-reentrant model


 *************** function ___flsub *****************
 Defined at:
		line 242 in file "C:\Program Files (x86)\Microchip\xc8\v2.05\pic\sources\c90\common\sprcadd.c"
 Parameters:    Size  Location     Type
  a               4   70[BANK0 ] long 
  b               4   74[BANK0 ] long 
 Auto vars:     Size  Location     Type
		None
 Return value:  Size  Location     Type
                  4   70[BANK0 ] long 
 Registers used:
		wreg, status,2, status,0, btemp+1, pclath, cstack
 Tracked objects:
		On entry : 
		On exit  : 
		Unchanged: 
 Data sizes:     COMMON   BANK0   BANK1   BANK3   BANK2
      Params:         0       8       0       0       0
      Locals:         0       0       0       0       0
      Temps:          0       0       0       0       0
      Totals:         0       8       0       0       0
Total ram usage:        8 bytes
 Hardware stack levels used:    1
 Hardware stack levels required when called:    1
 This function calls:
		___fladd
 This function is called by:
		_main
		_sprintf
 This function uses a non-reentrant model


 *************** function ___fladd *****************
 Defined at:
		line 10 in file "C:\Program Files (x86)\Microchip\xc8\v2.05\pic\sources\c90\common\sprcadd.c"
 Parameters:    Size  Location     Type
  b               4   50[BANK0 ] long 
  a               4   54[BANK0 ] long 
 Auto vars:     Size  Location     Type
  grs             1   69[BANK0 ] unsigned char 
  bexp            1   68[BANK0 ] unsigned char 
  aexp            1   67[BANK0 ] unsigned char 
  signs           1   66[BANK0 ] unsigned char 
 Return value:  Size  Location     Type
                  4   50[BANK0 ] unsigned char 
 Registers used:
		wreg, status,2, status,0, btemp+1
 Tracked objects:
		On entry : 
		On exit  : 
		Unchanged: 
 Data sizes:     COMMON   BANK0   BANK1   BANK3   BANK2
      Params:         0       8       0       0       0
      Locals:         0       4       0       0       0
      Temps:          0       8       0       0       0
      Totals:         0      20       0       0       0
Total ram usage:       20 bytes
 Hardware stack levels used:    1
 This function calls:
		Nothing
 This function is called by:
		_sprintf
		___flsub
 This function uses a non-reentrant model


 *************** function ___flneg *****************
 Defined at:
		line 15 in file "C:\Program Files (x86)\Microchip\xc8\v2.05\pic\sources\c90\common\flneg.c"
 Parameters:    Size  Location     Type
  f1              4    0[COMMON] unsigned char 
 Auto vars:     Size  Location     Type
		None
 Return value:  Size  Location     Type
                  4    0[COMMON] unsigned char 
 Registers used:
		wreg
 Tracked objects:
		On entry : 
		On exit  : 
		Unchanged: 
 Data sizes:     COMMON   BANK0   BANK1   BANK3   BANK2
      Params:         4       0       0       0       0
      Locals:         0       0       0       0       0
      Temps:          0       0       0       0       0
      Totals:         4       0       0       0       0
Total ram usage:        4 bytes
 Hardware stack levels used:    1
 This function calls:
		Nothing
 This function is called by:
		_sprintf
 This function uses a non-reentrant model


 *************** function ___flge *****************
 Defined at:
		line 4 in file "C:\Program Files (x86)\Microchip\xc8\v2.05\pic\sources\c90\common\flge.c"
 Parameters:    Size  Location     Type
  ff1             4    0[COMMON] unsigned char 
  ff2             4    4[COMMON] unsigned char 
 Auto vars:     Size  Location     Type
		None
 Return value:  Size  Location     Type
		None               void
 Registers used:
		wreg, status,2, status,0
 Tracked objects:
		On entry : 
		On exit  : 
		Unchanged: 
 Data sizes:     COMMON   BANK0   BANK1   BANK3   BANK2
      Params:         8       0       0       0       0
      Locals:         0       0       0       0       0
      Temps:          4       0       0       0       0
      Totals:        12       0       0       0       0
Total ram usage:       12 bytes
 Hardware stack levels used:    1
 This function calls:
		Nothing
 This function is called by:
		_main
		_sprintf
 This function uses a non-reentrant model


 *************** function ___fleq *****************
 Defined at:
		line 4 in file "C:\Program Files (x86)\Microchip\xc8\v2.05\pic\sources\c90\common\fleq.c"
 Parameters:    Size  Location     Type
  ff1             4    0[COMMON] unsigned char 
  ff2             4    4[COMMON] unsigned char 
 Auto vars:     Size  Location     Type
		None
 Return value:  Size  Location     Type
		None               void
 Registers used:
		wreg, status,2, status,0
 Tracked objects:
		On entry : 
		On exit  : 
		Unchanged: 
 Data sizes:     COMMON   BANK0   BANK1   BANK3   BANK2
      Params:         8       0       0       0       0
      Locals:         0       0       0       0       0
      Temps:          4       0       0       0       0
      Totals:        12       0       0       0       0
Total ram usage:       12 bytes
 Hardware stack levels used:    1
 This function calls:
		Nothing
 This function is called by:
		_main
		_sprintf
 This function uses a non-reentrant model


 *************** function ___fldiv *****************
 Defined at:
		line 8 in file "C:\Program Files (x86)\Microchip\xc8\v2.05\pic\sources\c90\common\sprcdiv.c"
 Parameters:    Size  Location     Type
  a               4    0[BANK1 ] unsigned char 
  b               4    4[BANK1 ] unsigned char 
 Auto vars:     Size  Location     Type
  grs             4   20[BANK1 ] unsigned long 
  rem             4   13[BANK1 ] unsigned long 
  new_exp         2   18[BANK1 ] int 
  aexp            1   25[BANK1 ] unsigned char 
  bexp            1   24[BANK1 ] unsigned char 
  sign            1   17[BANK1 ] unsigned char 
 Return value:  Size  Location     Type
                  4    0[BANK1 ] unsigned char 
 Registers used:
		wreg, status,2, status,0, btemp+1
 Tracked objects:
		On entry : 
		On exit  : 
		Unchanged: 
 Data sizes:     COMMON   BANK0   BANK1   BANK3   BANK2
      Params:         0       0       8       0       0
      Locals:         0       0      13       0       0
      Temps:          0       0       5       0       0
      Totals:         0       0      26       0       0
Total ram usage:       26 bytes
 Hardware stack levels used:    1
 This function calls:
		Nothing
 This function is called by:
		_main
 This function uses a non-reentrant model


 *************** function _Lcd_Start *****************
 Defined at:
		line 91 in file "main.c"
 Parameters:    Size  Location     Type
		None
 Auto vars:     Size  Location     Type
  i               2    0        int 
 Return value:  Size  Location     Type
                  1    wreg      void 
 Registers used:
		wreg, status,2, status,0, pclath, cstack
 Tracked objects:
		On entry : 
		On exit  : 
		Unchanged: 
 Data sizes:     COMMON   BANK0   BANK1   BANK3   BANK2
      Params:         0       0       0       0       0
      Locals:         2       0       0       0       0
      Temps:          2       0       0       0       0
      Totals:         4       0       0       0       0
Total ram usage:        4 bytes
 Hardware stack levels used:    1
 Hardware stack levels required when called:    2
 This function calls:
		_Lcd_Cmd
		_Lcd_SetBit
 This function is called by:
		_main
 This function uses a non-reentrant model


 *************** function _Lcd_Set_Cursor *****************
 Defined at:
		line 70 in file "main.c"
 Parameters:    Size  Location     Type
  a               1    wreg     unsigned char 
  b               1    4[COMMON] unsigned char 
 Auto vars:     Size  Location     Type
  a               1    7[COMMON] unsigned char 
  temp            1   10[COMMON] unsigned char 
  y               1    9[COMMON] unsigned char 
  z               1    8[COMMON] unsigned char 
 Return value:  Size  Location     Type
                  1    wreg      void 
 Registers used:
		wreg, status,2, status,0, pclath, cstack
 Tracked objects:
		On entry : 
		On exit  : 
		Unchanged: 
 Data sizes:     COMMON   BANK0   BANK1   BANK3   BANK2
      Params:         1       0       0       0       0
      Locals:         4       0       0       0       0
      Temps:          2       0       0       0       0
      Totals:         7       0       0       0       0
Total ram usage:        7 bytes
 Hardware stack levels used:    1
 Hardware stack levels required when called:    2
 This function calls:
		_Lcd_Cmd
 This function is called by:
		_main
 This function uses a non-reentrant model


 *************** function _Lcd_Print_String *****************
 Defined at:
		line 125 in file "main.c"
 Parameters:    Size  Location     Type
  a               2    9[COMMON] PTR unsigned char 
		 -> main@str(8), STR_4(2), STR_3(11), STR_2(2), 
		 -> STR_1(2), 
 Auto vars:     Size  Location     Type
  i               2    0[BANK0 ] int 
 Return value:  Size  Location     Type
                  1    wreg      void 
 Registers used:
		wreg, fsr0l, fsr0h, status,2, status,0, btemp+1, pclath, cstack
 Tracked objects:
		On entry : 
		On exit  : 
		Unchanged: 
 Data sizes:     COMMON   BANK0   BANK1   BANK3   BANK2
      Params:         2       0       0       0       0
      Locals:         0       2       0       0       0
      Temps:          3       0       0       0       0
      Totals:         5       2       0       0       0
Total ram usage:        7 bytes
 Hardware stack levels used:    1
 Hardware stack levels required when called:    2
 This function calls:
		_Lcd_Print_Char
 This function is called by:
		_main
 This function uses a non-reentrant model


 *************** function _Lcd_Print_Char *****************
 Defined at:
		line 109 in file "main.c"
 Parameters:    Size  Location     Type
  data            1    wreg     unsigned char 
 Auto vars:     Size  Location     Type
  data            1    4[COMMON] unsigned char 
  i               2    7[COMMON] int 
  i               2    5[COMMON] int 
  Upper_Nibble    1    3[COMMON] unsigned char 
  Lower_Nibble    1    2[COMMON] unsigned char 
 Return value:  Size  Location     Type
                  1    wreg      void 
 Registers used:
		wreg, status,2, status,0, btemp+1, pclath, cstack
 Tracked objects:
		On entry : 
		On exit  : 
		Unchanged: 
 Data sizes:     COMMON   BANK0   BANK1   BANK3   BANK2
      Params:         0       0       0       0       0
      Locals:         7       0       0       0       0
      Temps:          1       0       0       0       0
      Totals:         8       0       0       0       0
Total ram usage:        8 bytes
 Hardware stack levels used:    1
 Hardware stack levels required when called:    1
 This function calls:
		_Lcd_SetBit
 This function is called by:
		_Lcd_Print_String
 This function uses a non-reentrant model


 *************** function _Lcd_Clear *****************
 Defined at:
		line 64 in file "main.c"
 Parameters:    Size  Location     Type
		None
 Auto vars:     Size  Location     Type
		None
 Return value:  Size  Location     Type
                  2   46[None  ] int 
 Registers used:
		wreg, status,2, status,0, pclath, cstack
 Tracked objects:
		On entry : 
		On exit  : 
		Unchanged: 
 Data sizes:     COMMON   BANK0   BANK1   BANK3   BANK2
      Params:         0       0       0       0       0
      Locals:         0       0       0       0       0
      Temps:          0       0       0       0       0
      Totals:         0       0       0       0       0
Total ram usage:        0 bytes
 Hardware stack levels used:    1
 Hardware stack levels required when called:    2
 This function calls:
		_Lcd_Cmd
 This function is called by:
		_main
 This function uses a non-reentrant model


 *************** function _Lcd_Cmd *****************
 Defined at:
		line 55 in file "main.c"
 Parameters:    Size  Location     Type
  a               1    wreg     unsigned char 
 Auto vars:     Size  Location     Type
  a               1    3[COMMON] unsigned char 
 Return value:  Size  Location     Type
                  1    wreg      void 
 Registers used:
		wreg, status,2, status,0, pclath, cstack
 Tracked objects:
		On entry : 
		On exit  : 
		Unchanged: 
 Data sizes:     COMMON   BANK0   BANK1   BANK3   BANK2
      Params:         0       0       0       0       0
      Locals:         1       0       0       0       0
      Temps:          2       0       0       0       0
      Totals:         3       0       0       0       0
Total ram usage:        3 bytes
 Hardware stack levels used:    1
 Hardware stack levels required when called:    1
 This function calls:
		_Lcd_SetBit
 This function is called by:
		_Lcd_Clear
		_Lcd_Set_Cursor
		_Lcd_Start
 This function uses a non-reentrant model


 *************** function _Lcd_SetBit *****************
 Defined at:
		line 32 in file "main.c"
 Parameters:    Size  Location     Type
  data_bit        1    wreg     unsigned char 
 Auto vars:     Size  Location     Type
  data_bit        1    0[COMMON] unsigned char 
 Return value:  Size  Location     Type
                  1    wreg      void 
 Registers used:
		wreg
 Tracked objects:
		On entry : 
		On exit  : 
		Unchanged: 
 Data sizes:     COMMON   BANK0   BANK1   BANK3   BANK2
      Params:         0       0       0       0       0
      Locals:         1       0       0       0       0
      Temps:          0       0       0       0       0
      Totals:         1       0       0       0       0
Total ram usage:        1 bytes
 Hardware stack levels used:    1
 This function calls:
		Nothing
 This function is called by:
		_Lcd_Cmd
		_Lcd_Start
		_Lcd_Print_Char
 This function uses a non-reentrant model


 *************** function _ADC_Read *****************
 Defined at:
		line 138 in file "main.c"
 Parameters:    Size  Location     Type
  channel         1    wreg     unsigned char 
 Auto vars:     Size  Location     Type
  channel         1    4[COMMON] unsigned char 
 Return value:  Size  Location     Type
                  2    0[COMMON] unsigned int 
 Registers used:
		wreg, status,2, status,0
 Tracked objects:
		On entry : 
		On exit  : 
		Unchanged: 
 Data sizes:     COMMON   BANK0   BANK1   BANK3   BANK2
      Params:         2       0       0       0       0
      Locals:         1       0       0       0       0
      Temps:          2       0       0       0       0
      Totals:         5       0       0       0       0
Total ram usage:        5 bytes
 Hardware stack levels used:    1
 This function calls:
		Nothing
 This function is called by:
		_main
 This function uses a non-reentrant model


 *************** function _ADC_Initialize *****************
 Defined at:
		line 132 in file "main.c"
 Parameters:    Size  Location     Type
		None
 Auto vars:     Size  Location     Type
		None
 Return value:  Size  Location     Type
                  1    wreg      void 
 Registers used:
		wreg
 Tracked objects:
		On entry : 
		On exit  : 
		Unchanged: 
 Data sizes:     COMMON   BANK0   BANK1   BANK3   BANK2
      Params:         0       0       0       0       0
      Locals:         0       0       0       0       0
      Temps:          0       0       0       0       0
      Totals:         0       0       0       0       0
Total ram usage:        0 bytes
 Hardware stack levels used:    1
 This function calls:
		Nothing
 This function is called by:
		_main
 This function uses a non-reentrant model



MODULE INFORMATION

Module		Function		Class		Link	Load	Size
C:\Program Files (x86)\Microchip\xc8\v2.05\pic\sources\c90\common\isdigit.c
		_isdigit       		CODE           	18F7	0000	15

C:\Program Files (x86)\Microchip\xc8\v2.05\pic\sources\c90\common\isdigit.c estimated size: 15

C:\Program Files (x86)\Microchip\xc8\v2.05\pic\sources\c90\common\doprnt.c
		_scale         		CODE           	14B7	0000	842
		_sprintf       		CODE           	0205	0000	1528
		_fround        		CODE           	0004	0000	514

C:\Program Files (x86)\Microchip\xc8\v2.05\pic\sources\c90\common\doprnt.c estimated size: 2884

C:\Program Files (x86)\Microchip\xc8\v2.05\pic\sources\c90\common\sprcadd.c
		___flsub       		CODE           	195A	0000	35
		___fladd       		CODE           	08C2	0000	560

C:\Program Files (x86)\Microchip\xc8\v2.05\pic\sources\c90\common\sprcadd.c estimated size: 595

C:\Program Files (x86)\Microchip\xc8\v2.05\pic\sources\c90\common\llmod.c
		___llmod       		CODE           	1003	0000	77

C:\Program Files (x86)\Microchip\xc8\v2.05\pic\sources\c90\common\llmod.c estimated size: 77

C:\Program Files (x86)\Microchip\xc8\v2.05\pic\sources\c90\common\awmod.c
		___awmod       		CODE           	1B09	0000	76

C:\Program Files (x86)\Microchip\xc8\v2.05\pic\sources\c90\common\awmod.c estimated size: 76

C:\Program Files (x86)\Microchip\xc8\v2.05\pic\sources\c90\common\ftdivl.c
		__tdiv_to_l_   		CODE           	104F	0000	170

C:\Program Files (x86)\Microchip\xc8\v2.05\pic\sources\c90\common\ftdivl.c estimated size: 170

C:\Program Files (x86)\Microchip\xc8\v2.05\pic\sources\c90\common\lwdiv.c
		___lwdiv       		CODE           	19FA	0000	61

C:\Program Files (x86)\Microchip\xc8\v2.05\pic\sources\c90\common\lwdiv.c estimated size: 61

C:\Program Files (x86)\Microchip\xc8\v2.05\pic\sources\c90\common\fltol.c
		___fltol       		CODE           	1CBA	0000	110

C:\Program Files (x86)\Microchip\xc8\v2.05\pic\sources\c90\common\fltol.c estimated size: 110

C:\Program Files (x86)\Microchip\xc8\v2.05\pic\sources\c90\common\Umul16.c
		___wmul        		CODE           	1939	0000	34

C:\Program Files (x86)\Microchip\xc8\v2.05\pic\sources\c90\common\Umul16.c estimated size: 34

C:\Program Files (x86)\Microchip\xc8\v2.05\pic\sources\c90\common\fldivl.c
		__div_to_l_    		CODE           	10F8	0000	171

C:\Program Files (x86)\Microchip\xc8\v2.05\pic\sources\c90\common\fldivl.c estimated size: 171

C:\Program Files (x86)\Microchip\xc8\v2.05\pic\sources\c90\common\flge.c
		___flge        		CODE           	1D27	0000	148

C:\Program Files (x86)\Microchip\xc8\v2.05\pic\sources\c90\common\flge.c estimated size: 148

C:\Program Files (x86)\Microchip\xc8\v2.05\pic\sources\c90\common\awdiv.c
		___awdiv       		CODE           	1C01	0000	92

C:\Program Files (x86)\Microchip\xc8\v2.05\pic\sources\c90\common\awdiv.c estimated size: 92

shared
		__stringtab    		STRING         	0800	0000	17
		__powers_      		STRING         	0810	0000	53
		_dpowers       		STRING         	0878	0000	41
		__npowers_     		STRING         	0844	0000	53
		__initialization		CODE           	07FC	0000	1

shared estimated size: 165

C:\Program Files (x86)\Microchip\xc8\v2.05\pic\sources\c90\common\sprcmul.c
		___flmul       		CODE           	11A2	0000	790

C:\Program Files (x86)\Microchip\xc8\v2.05\pic\sources\c90\common\sprcmul.c estimated size: 790

C:\Program Files (x86)\Microchip\xc8\v2.05\pic\sources\c90\common\sprcdiv.c
		___fldiv       		CODE           	1E5D	0000	420

C:\Program Files (x86)\Microchip\xc8\v2.05\pic\sources\c90\common\sprcdiv.c estimated size: 420

C:\Program Files (x86)\Microchip\xc8\v2.05\pic\sources\c90\common\flneg.c
		___flneg       		CODE           	08B9	0000	10

C:\Program Files (x86)\Microchip\xc8\v2.05\pic\sources\c90\common\flneg.c estimated size: 10

C:\Program Files (x86)\Microchip\xc8\v2.05\pic\sources\c90\common\Umul8_16.c
		__Umul8_16     		CODE           	197C	0000	36

C:\Program Files (x86)\Microchip\xc8\v2.05\pic\sources\c90\common\Umul8_16.c estimated size: 36

C:\Program Files (x86)\Microchip\xc8\v2.05\pic\sources\c90\common\xxtofl.c
		___xxtofl      		CODE           	1DBA	0000	164

C:\Program Files (x86)\Microchip\xc8\v2.05\pic\sources\c90\common\xxtofl.c estimated size: 164

C:\Program Files (x86)\Microchip\xc8\v2.05\pic\sources\c90\common\__lldiv.c
		___lldiv       		CODE           	1C5C	0000	95

C:\Program Files (x86)\Microchip\xc8\v2.05\pic\sources\c90\common\__lldiv.c estimated size: 95

main.c
		_ADC_Initialize		CODE           	18E3	0000	10
		_main          		CODE           	0AF1	0000	1296
		_Lcd_Cmd       		CODE           	191F	0000	27
		_Lcd_SetBit    		CODE           	1905	0000	27
		_Lcd_Start     		CODE           	1B54	0000	83
		_Lcd_Set_Cursor		CODE           	1ABF	0000	75
		_Lcd_Clear     		CODE           	18EC	0000	12
		_Lcd_Print_String		CODE           	1A36	0000	66
		_ADC_Read      		CODE           	199F	0000	42
		_Lcd_Print_Char		CODE           	1BA6	0000	92

main.c estimated size: 1730

C:\Program Files (x86)\Microchip\xc8\v2.05\pic\sources\c90\common\fleq.c
		___fleq        		CODE           	1A77	0000	73

C:\Program Files (x86)\Microchip\xc8\v2.05\pic\sources\c90\common\fleq.c estimated size: 73

C:\Program Files (x86)\Microchip\xc8\v2.05\pic\sources\c90\common\lwmod.c
		___lwmod       		CODE           	19C8	0000	51

C:\Program Files (x86)\Microchip\xc8\v2.05\pic\sources\c90\common\lwmod.c estimated size: 51

